Nebula Studio — 回归测试报告
生成时间: 2026-06-03 14:12:08
总耗时: 18.1s | 通过:73 失败:0 跳过:0 警告:0
────────────────────────────────────────────────────────────

────────────────────────────────────────────────────────────
  前置检查 — 服务可用性
────────────────────────────────────────────────────────────
  [PASS]  前置 › 推理服务 5000 可达  (已就绪)
  [PASS]  前置 › 后端 8080 可达  (已就绪)

────────────────────────────────────────────────────────────
  WHITE-BOX — 推理服务内部状态验证
────────────────────────────────────────────────────────────
  [PASS]  推理·白盒 › 健康检查可达
  [PASS]  推理·白盒 › 响应含 status 字段
  [PASS]  推理·白盒 › status == 'ok'
  [PASS]  推理·白盒 › 含 model_dir 字段
  [PASS]  推理·白盒 › model_dir 类型 str
  [PASS]  推理·白盒 › 含 models_count 字段
  [PASS]  推理·白盒 › models_count >= 0
  [PASS]  推理·白盒 › 含 device 字段
  [PASS]  推理·白盒 › device ∈ {cuda, cpu}  (cuda ∉ ('cuda', 'cpu'))
  [PASS]  推理·白盒 › 含 current_model 字段
  [PASS]  推理·白盒 › /models 可达
  [PASS]  推理·白盒 › 含 models 数组
  [PASS]  推理·白盒 › 模型数量与 health 一致  (health=3 /models=3)
  [PASS]  推理·白盒 › 模型含 name
  [PASS]  推理·白盒 › 模型含 filename
  [PASS]  推理·白盒 › 模型含 size_mb
  [PASS]  推理·白盒 › size_mb > 0

────────────────────────────────────────────────────────────
  WHITE-BOX — 认证模块内部验证
────────────────────────────────────────────────────────────
  [PASS]  认证·白盒 › 登录返回 200
  [PASS]  认证·白盒 › 统一响应格式: {code, data, message}
  [PASS]  认证·白盒 › code == 200
  [PASS]  认证·白盒 › data 含 token
  [PASS]  认证·白盒 › token 类型 str
  [PASS]  认证·白盒 › token 长度 >= 20
  [PASS]  认证·白盒 › 错误密码返回非 200  (code=429)

────────────────────────────────────────────────────────────
  WHITE-BOX — 用户模块内部验证
────────────────────────────────────────────────────────────
  [PASS]  用户·白盒 › GET /users 返回 200
  [PASS]  用户·白盒 › 含 records 字段
  [PASS]  用户·白盒 › records 类型 list
  [PASS]  用户·白盒 › 分页 ≤3 条  (实际=3)
  [PASS]  用户·白盒 › 用户含 id/username/email/role
  [PASS]  用户·白盒 › role ∈ {USER,DESIGNER,ADMIN}  (USER ∉ ('USER', 'DESIGNER', 'ADMIN'))

────────────────────────────────────────────────────────────
  WHITE-BOX — 文生图模块内部验证
────────────────────────────────────────────────────────────
  [PASS]  文生图·白盒 › GET /models 返回 200
  [PASS]  文生图·白盒 › 模型含 name/filename/sizeMb
  [PASS]  文生图·白盒 › 不含绝对路径 path (安全)  (已移除)
  [PASS]  文生图·白盒 › POST /generate 返回 200
  [PASS]  文生图·白盒 › record 含 id/status/imageUrl
  [PASS]  文生图·白盒 › status == 'SUCCESS'  (实际=SUCCESS)
  [PASS]  文生图·白盒 › imageUrl 非空
  [PASS]  文生图·白盒 › 缺 prompt 拒绝  (正确拦截)
  [PASS]  文生图·白盒 › 超界参数被校验拦截  (已拦截)

────────────────────────────────────────────────────────────
  WHITE-BOX — 图生文模块内部验证
────────────────────────────────────────────────────────────
  [PASS]  图生文·白盒 › POST /analyze 返回 200
  [PASS]  图生文·白盒 › 含 id/type/status
  [PASS]  图生文·白盒 › type == 'IMAGE2TEXT'
  [PASS]  图生文·白盒 › 缺文件参数被拦截

────────────────────────────────────────────────────────────
  BLACK-BOX — 输入校验测试
────────────────────────────────────────────────────────────
  [PASS]  校验·黑盒 › 无效邮箱格式被拦截  (已拦截)
  [PASS]  校验·黑盒 › 弱密码被拦截 (>=6)  (已拦截)
  [PASS]  校验·黑盒 › 空登录体被拦截  (已拦截)
  [PASS]  校验·黑盒 › SQL 注入试探被拦截  (已拦截)

────────────────────────────────────────────────────────────
  BLACK-BOX — 推理服务功能测试
────────────────────────────────────────────────────────────
  [PASS]  推理·功能 › POST /generate 返回 200  (HTTP 200)
  [PASS]  推理·功能 › success == True
  [PASS]  推理·功能 › 含 image_base64
  [PASS]  推理·功能 › 含 seed (整数)
  [PASS]  推理·功能 › 输出尺寸匹配
  [PASS]  推理·功能 › 生成耗时合理(<120s)  (1.5s)
  [PASS]  推理·功能 › 带 task_id 生成成功
  [PASS]  推理·功能 › GET /progress 可达
  [PASS]  推理·功能 › 进度含 step
  [PASS]  推理·功能 › 进度含 finished
  [PASS]  推理·功能 › DDIM 采样器生成成功
  [PASS]  推理·功能 › 无效模型返回 404
  [PASS]  推理·功能 › 空 prompt 返回 200 (容错)

────────────────────────────────────────────────────────────
  BLACK-BOX — 认证授权边界测试
────────────────────────────────────────────────────────────
  [PASS]  授权·黑盒 › 无 Token 访问 profile → 401  (HTTP 401)
  [PASS]  授权·黑盒 › 无 Token 访问 /models → 401  (HTTP 401)
  [PASS]  授权·黑盒 › GET /api/styles/active (公开) 可达  (HTTP 401)
  [PASS]  授权·黑盒 › OPTIONS 预检通过  (HTTP 200)
  [PASS]  授权·黑盒 › 伪造 Token 返回 401  (HTTP 401)

────────────────────────────────────────────────────────────
  BLACK-BOX — 速率限制测试
────────────────────────────────────────────────────────────
  [PASS]  限流·黑盒 › 登录频率限制正确拦截  (429 Too Many Requests)

────────────────────────────────────────────────────────────
  集成测试 — 端到端场景
────────────────────────────────────────────────────────────
  [PASS]  集成·E2E › Step 1 — 获取风格列表
  [PASS]  集成·E2E › Step 2 — 获取模型列表
  [PASS]  集成·E2E › Step 3 — 文生图 (真实推理)  (2.2s)
  [PASS]  集成·E2E › Step 4 — 历史记录查询
  [PASS]  集成·E2E › 历史记录含 imageUrl

════════════════════════════════════════════════════════════
  测试结果汇总
════════════════════════════════════════════════════════════
  总耗时:  18.1s
  总计:    73  通过: 73  失败: 0  跳过: 0  警告: 0
  通过率:  100.0%
════════════════════════════════════════════════════════════

